Microchip MPLAB XC8 Compiler V1.36 ()

Linker command line:

-W-3 --edf=C:\Program Files (x86)\Microchip\xc8\v1.36\dat\en_msgs.txt -cs \
  -h+dist/default/production\EE5.X.production.sym \
  --cmf=dist/default/production\EE5.X.production.cmf -z -Q18LF27J53 \
  -oC:\Users\Bernd\AppData\Local\Temp\s7g0.2 \
  -Mdist/default/production/EE5.X.production.map -E1 -ver=XC8 \
  -ASTACK=0F9h-0eafh -pstack=STACK -ACODE=00h-01FFF7h -ACONST=00h-01FFF7h \
  -ASMALLCONST=0F00h-0FFFhx496,01FF00h-01FFF7h \
  -AMEDIUMCONST=0F00h-0FFFFh,010F00h-01FFF7h -ACOMRAM=01h-05Fh \
  -AABS1=00h-0EAFh -ABIGRAM=01h-0EAFh \
  -ARAM=060h-0FFh,0100h-01FFhx13,0E00h-0EAFh -ABANK0=060h-0FFh \
  -ABANK1=0100h-01FFh -ABANK2=0200h-02FFh -ABANK3=0300h-03FFh \
  -ABANK4=0400h-04FFh -ABANK5=0500h-05FFh -ABANK6=0600h-06FFh \
  -ABANK7=0700h-07FFh -ABANK8=0800h-08FFh -ABANK9=0900h-09FFh \
  -ABANK10=0A00h-0AFFh -ABANK11=0B00h-0BFFh -ABANK12=0C00h-0CFFh \
  -ABANK13=0D00h-0DFFh -ABANK14=0E00h-0EAFh \
  -ASFR=0EB0h-0EFFh,0F00h-0F5Fh,0F60h-0FFFh \
  -preset_vec=00h,intcode=08h,intcodelo,powerup,init,end_init \
  -pramtop=0F00h -psmallconst=SMALLCONST -pmediumconst=MEDIUMCONST \
  -pconst=CONST -AFARRAM=00h-00h -ACONFIG=01FFF8h-01FFFFh -pconfig=CONFIG \
  -pjflash_buffer=01F800h \
  -prdata=COMRAM,nvrram=COMRAM,nvbit=COMRAM,rbss=COMRAM,rbit=COMRAM \
  -pfarbss=FARRAM,fardata=FARRAM,nvFARRAM=FARRAM \
  -pintsave_regs=BIGRAM,bigbss=BIGRAM,bigdata=BIGRAM -pbss=RAM \
  -pidata=CODE,irdata=CODE,ibigdata=CODE,ifardata=CODE -prparam=COMRAM \
  C:\Users\Bernd\AppData\Local\Temp\s7g0.obj \
  dist/default/production\EE5.X.production.obj 

Object code version is 3.11

Machine type is 18LF27J53

Call graph: (short form)




                Name                               Link     Load   Length Selector   Space Scale
C:\Users\Bernd\AppData\Local\Temp\s7g0.obj
                end_init                             86       86        4        4       0
                reset_vec                             0        0        4        0       0
                config                            1FFF8    1FFF8        8    1FFF8       0
dist/default/production\EE5.X.production.obj
                intcode                               8        8       7E        4       0
                temp                                 4E       4E        1        1       1
                smallconst                          F00      F00       B4      780       0
                text22                             15AE     15AE       A0      7DA       0
                text21                             19D6     19D6       38      7DA       0
                text20                             164E     164E       9A      7DA       0
                text18                             1AB8     1AB8       10      D52       0
                text17                             199E     199E       38      7DA       0
                text16                             1A40     1A40       2E      7DA       0
                text15                             1AC8     1AC8        8      D52       0
                text14                             1A0E     1A0E       32      7DA       0
                text13                             1AA4     1AA4       14      D52       0
                text12                             1860     1860       62      7DA       0
                text11                             1A6E     1A6E       1C      7DA       0
                text10                             1500     1500       AE      7DA       0
                text9                              1966     1966       38      7DA       0
                text8                              1362     1362       E6      7DA       0
                text7                              126E     126E       F4      7DA       0
                text6                              112A     112A      144      7DA       0
                text5                              1448     1448       B8      7DA       0
                text4                              176C     176C       84      7DA       0
                text3                              17F0     17F0       70      7DA       0
                text2                               FB4      FB4      176      7DA       0
                text1                              1916     1916       50      7DA       0
                text0                              16E8     16E8       84      7DA       0
                cstackCOMRAM                          1        1       3C        1       1
                cstackBANK0                          C6       C6       1A       60       1
                dataBANK0                            E0       E0       19       60       1
                bssBANK0                             60       60       66       60       1
                dataCOMRAM                           4D       4D        1        1       1
                bssCOMRAM                            3D       3D       10        1       1
                cinit                              18C2     18C2       54      7DA       0
                idataBANK0                         1A8A     1A8A       19      7DA       0
                idataCOMRAM                        1AD0     1AD0        1      D52       0

TOTAL           Name                               Link     Load   Length     Space
        CLASS   STACK          

        CLASS   CODE           
                end_init                             86       86        4         0
                intcode                               8        8       7E         0
                reset_vec                             0        0        4         0
                text22                             15AE     15AE       A0         0
                text21                             19D6     19D6       38         0
                text20                             164E     164E       9A         0
                text18                             1AB8     1AB8       10         0
                text17                             199E     199E       38         0
                text16                             1A40     1A40       2E         0
                text15                             1AC8     1AC8        8         0
                text14                             1A0E     1A0E       32         0
                text13                             1AA4     1AA4       14         0
                text12                             1860     1860       62         0
                text11                             1A6E     1A6E       1C         0
                text10                             1500     1500       AE         0
                text9                              1966     1966       38         0
                text8                              1362     1362       E6         0
                text7                              126E     126E       F4         0
                text6                              112A     112A      144         0
                text5                              1448     1448       B8         0
                text4                              176C     176C       84         0
                text3                              17F0     17F0       70         0
                text2                               FB4      FB4      176         0
                text1                              1916     1916       50         0
                text0                              16E8     16E8       84         0
                cinit                              18C2     18C2       54         0
                idataBANK0                         1A8A     1A8A       19         0
                idataCOMRAM                        1AD0     1AD0        1         0

        CLASS   CONST          

        CLASS   SMALLCONST     
                smallconst                          F00      F00       B4         0

        CLASS   MEDIUMCONST    

        CLASS   COMRAM         
                temp                                 4E       4E        1         1
                cstackCOMRAM                          1        1       3C         1
                dataCOMRAM                           4D       4D        1         1
                bssCOMRAM                            3D       3D       10         1

        CLASS   ABS1           

        CLASS   BIGRAM         

        CLASS   RAM            

        CLASS   BANK0          
                cstackBANK0                          C6       C6       1A         1
                dataBANK0                            E0       E0       19         1
                bssBANK0                             60       60       66         1

        CLASS   BANK1          

        CLASS   BANK2          

        CLASS   BANK3          

        CLASS   BANK4          

        CLASS   BANK5          

        CLASS   BANK6          

        CLASS   BANK7          

        CLASS   BANK8          

        CLASS   BANK9          

        CLASS   BANK10         

        CLASS   BANK11         

        CLASS   BANK12         

        CLASS   BANK13         

        CLASS   BANK14         

        CLASS   SFR            

        CLASS   FARRAM         

        CLASS   CONFIG         
                config                            1FFF8    1FFF8        8         0

        CLASS   IDLOC          



SEGMENTS        Name                           Load    Length   Top    Selector   Space  Class

                reset_vec                      000000  000004  000004         0       0  CODE    
                cstackCOMRAM                   000001  00004E  00004F         1       1  COMRAM  
                intcode                        000008  000082  00008A         4       0  CODE    
                bssBANK0                       000060  000099  0000F9        60       1  BANK0   
                smallconst                     000F00  0000B4  000FB4       780       0  SMALLCON
                text2                          000FB4  000AEF  001AA3       7DA       0  CODE    
                text13                         001AA4  00002D  001AD1       D52       0  CODE    
                config                         01FFF8  000008  020000     1FFF8       0  CONFIG  


UNUSED ADDRESS RANGES

        Name                Unused          Largest block    Delta
        BANK0            000F9-000FF               7
        BANK1            00100-001FF             100
        BANK10           00A00-00AFF             100
        BANK11           00B00-00BFF             100
        BANK12           00C00-00CFF             100
        BANK13           00D00-00DFF             100
        BANK14           00E00-00EAF              B0
        BANK2            00200-002FF             100
        BANK3            00300-003FF             100
        BANK4            00400-004FF             100
        BANK5            00500-005FF             100
        BANK6            00600-006FF             100
        BANK7            00700-007FF             100
        BANK8            00800-008FF             100
        BANK9            00900-009FF             100
        BIGRAM           0004F-0005F              11
                         000F9-00EAF             DB7
        CODE             00004-00007               4
                         0008A-00EFF             E76
                         01AA3-01AA3               1
                         01AD1-1FFF7           1E527
        COMRAM           0004F-0005F              11
        CONST            00004-00007               4
                         0008A-00EFF             E76
                         01AA3-01AA3               1
                         01AD1-1FFF7           1E527
        MEDIUMCONST      01AA3-01AA3               1
                         01AD1-0FFFF            E52F
                         10F00-1FFF7            F0F8
        RAM              000F9-00EAF             100
        SFR              00EB0-00FFF              60
        SMALLCONST       01AA3-01AA3               1
                         01AD1-1FFF7             100
        STACK            000F9-00EAF             DB7

                                  Symbol Table

?___awdiv                          cstackCOMRAM  00018
?___awmod                          cstackCOMRAM  00012
?___awtoft                         cstackCOMRAM  0001A
?___ftdiv                          cstackCOMRAM  0001E
?___ftmul                          cstackCOMRAM  0002D
?___ftpack                         cstackCOMRAM  00012
?___fttol                          cstackBANK0   000C6
?_calculateTemp                    cstackBANK0   000D5
UARTReceive@on_or_off              cstackCOMRAM  00012
_ADCON0                            (abs)         00FC2
_ADCON0bits                        (abs)         00FC2
_ADCON1                            (abs)         00FC1
_ADRES                             (abs)         00FC3
_ANCON0                            (abs)         00F48
_ANCON1                            (abs)         00F49
_BAUDCON1bits                      (abs)         00F7E
_DELAY                             smallconst    00F28
_INTCON                            (abs)         00FF2
_OSCCONbits                        (abs)         00FD3
_PIE1bits                          (abs)         00F9D
_PIR1bits                          (abs)         00F9E
_PORTAbits                         (abs)         00F80
_PORTBbits                         (abs)         00F81
_RCONbits                          (abs)         00FD0
_RCREG1                            (abs)         00FAF
_RCSTA1bits                        (abs)         00FAC
_SPBRG1                            (abs)         00FB0
_SPBRGH1                           (abs)         00F7F
_TRISAbits                         (abs)         00F92
_TRISBbits                         (abs)         00F93
_TRISCbits                         (abs)         00F94
_TXREG1                            (abs)         00FAE
_TXSTA1bits                        (abs)         00FAD
_UARTReceive                       text18        01AB8
__CFG_CFGPLLEN$ON                  (abs)         00000
__CFG_CPUDIV$OSC1                  (abs)         00000
__CFG_OSC$INTOSCPLL                (abs)         00000
__CFG_WDTEN$OFF                    (abs)         00000
__CFG_XINST$OFF                    (abs)         00000
__HRAM                             (abs)         00000
__Habs1                            abs1          00000
__Hbank0                           bank0         00000
__Hbank1                           bank1         00000
__Hbank10                          bank10        00000
__Hbank11                          bank11        00000
__Hbank12                          bank12        00000
__Hbank13                          bank13        00000
__Hbank14                          bank14        00000
__Hbank2                           bank2         00000
__Hbank3                           bank3         00000
__Hbank4                           bank4         00000
__Hbank5                           bank5         00000
__Hbank6                           bank6         00000
__Hbank7                           bank7         00000
__Hbank8                           bank8         00000
__Hbank9                           bank9         00000
__Hbigbss                          bigbss        00000
__Hbigdata                         bigdata       00000
__Hbigram                          bigram        00000
__Hbss                             bss           00000
__HbssBANK0                        bssBANK0      00000
__HbssCOMRAM                       bssCOMRAM     00000
__Hcinit                           cinit         00000
__Hclrtext                         clrtext       00000
__Hcomram                          comram        00000
__Hconfig                          config        20000
__Hconst                           const         00000
__HcstackBANK0                     cstackBANK0   00000
__HcstackCOMRAM                    cstackCOMRAM  00000
__Hdata                            data          00000
__HdataBANK0                       dataBANK0     00000
__HdataCOMRAM                      dataCOMRAM    00000
__Hend_init                        end_init      0008A
__Hfarbss                          farbss        00000
__Hfardata                         fardata       00000
__Hibigdata                        ibigdata      00000
__Hidata                           idata         00000
__HidataBANK0                      idataBANK0    00000
__HidataCOMRAM                     idataCOMRAM   00000
__Hidloc                           idloc         00000
__Hifardata                        ifardata      00000
__Hinit                            init          00086
__Hintcode                         intcode       00086
__Hintcode_body                    intcode_body  00000
__Hintcodelo                       intcodelo     00086
__Hintentry                        intentry      00000
__Hintret                          intret        00000
__Hintsave_regs                    intsave_regs  00000
__Hirdata                          irdata        00000
__Hjflash_buffer                   jflash_buffer 1F800
__Hmediumconst                     mediumconst   00000
__HnvFARRAM                        nvFARRAM      00000
__Hnvbit                           nvbit         00000
__Hnvrram                          nvrram        00000
__Hparam                           rparam        00000
__Hpowerup                         powerup       00086
__Hram                             ram           00000
__Hramtop                          ramtop        00F00
__Hrbit                            rbit          00000
__Hrbss                            rbss          00000
__Hrdata                           rdata         00000
__Hreset_vec                       reset_vec     00004
__Hrparam                          rparam        00000
__Hsfr                             sfr           00000
__Hsmallconst                      smallconst    00FB4
__Hspace_0                         (abs)         20000
__Hspace_1                         (abs)         000F9
__Hspace_2                         (abs)         00000
__Hstack                           stack         00000
__Hstruct                          struct        00000
__Htemp                            temp          0004F
__Htext                            text          00000
__Htext0                           text0         00000
__Htext1                           text1         00000
__Htext10                          text10        00000
__Htext11                          text11        00000
__Htext12                          text12        00000
__Htext13                          text13        00000
__Htext14                          text14        00000
__Htext15                          text15        00000
__Htext16                          text16        00000
__Htext17                          text17        00000
__Htext18                          text18        00000
__Htext2                           text2         00000
__Htext20                          text20        00000
__Htext21                          text21        00000
__Htext22                          text22        00000
__Htext3                           text3         00000
__Htext4                           text4         00000
__Htext5                           text5         00000
__Htext6                           text6         00000
__Htext7                           text7         00000
__Htext8                           text8         00000
__Htext9                           text9         00000
__LRAM                             (abs)         00001
__Labs1                            abs1          00000
__Lbank0                           bank0         00000
__Lbank1                           bank1         00000
__Lbank10                          bank10        00000
__Lbank11                          bank11        00000
__Lbank12                          bank12        00000
__Lbank13                          bank13        00000
__Lbank14                          bank14        00000
__Lbank2                           bank2         00000
__Lbank3                           bank3         00000
__Lbank4                           bank4         00000
__Lbank5                           bank5         00000
__Lbank6                           bank6         00000
__Lbank7                           bank7         00000
__Lbank8                           bank8         00000
__Lbank9                           bank9         00000
__Lbigbss                          bigbss        00000
__Lbigdata                         bigdata       00000
__Lbigram                          bigram        00000
__Lbss                             bss           00000
__LbssBANK0                        bssBANK0      00000
__LbssCOMRAM                       bssCOMRAM     00000
__Lcinit                           cinit         00000
__Lclrtext                         clrtext       00000
__Lcomram                          comram        00000
__Lconfig                          config        1FFF8
__Lconst                           const         00000
__LcstackBANK0                     cstackBANK0   00000
__LcstackCOMRAM                    cstackCOMRAM  00000
__Ldata                            data          00000
__LdataBANK0                       dataBANK0     00000
__LdataCOMRAM                      dataCOMRAM    00000
__Lend_init                        end_init      00086
__Lfarbss                          farbss        00000
__Lfardata                         fardata       00000
__Libigdata                        ibigdata      00000
__Lidata                           idata         00000
__LidataBANK0                      idataBANK0    00000
__LidataCOMRAM                     idataCOMRAM   00000
__Lidloc                           idloc         00000
__Lifardata                        ifardata      00000
__Linit                            init          00086
__Lintcode                         intcode       00008
__Lintcode_body                    intcode_body  00000
__Lintcodelo                       intcodelo     00086
__Lintentry                        intentry      00000
__Lintret                          intret        00000
__Lintsave_regs                    intsave_regs  00000
__Lirdata                          irdata        00000
__Ljflash_buffer                   jflash_buffer 1F800
__Lmediumconst                     mediumconst   00000
__LnvFARRAM                        nvFARRAM      00000
__Lnvbit                           nvbit         00000
__Lnvrram                          nvrram        00000
__Lparam                           rparam        00000
__Lpowerup                         powerup       00086
__Lram                             ram           00000
__Lramtop                          ramtop        00F00
__Lrbit                            rbit          00000
__Lrbss                            rbss          00000
__Lrdata                           rdata         00000
__Lreset_vec                       reset_vec     00000
__Lrparam                          rparam        00000
__Lsfr                             sfr           00000
__Lsmallconst                      smallconst    00F00
__Lspace_0                         (abs)         00000
__Lspace_1                         (abs)         00000
__Lspace_2                         (abs)         00000
__Lstack                           stack         00000
__Lstruct                          struct        00000
__Ltemp                            temp          0004E
__Ltext                            text          00000
__Ltext0                           text0         00000
__Ltext1                           text1         00000
__Ltext10                          text10        00000
__Ltext11                          text11        00000
__Ltext12                          text12        00000
__Ltext13                          text13        00000
__Ltext14                          text14        00000
__Ltext15                          text15        00000
__Ltext16                          text16        00000
__Ltext17                          text17        00000
__Ltext18                          text18        00000
__Ltext2                           text2         00000
__Ltext20                          text20        00000
__Ltext21                          text21        00000
__Ltext22                          text22        00000
__Ltext3                           text3         00000
__Ltext4                           text4         00000
__Ltext5                           text5         00000
__Ltext6                           text6         00000
__Ltext7                           text7         00000
__Ltext8                           text8         00000
__Ltext9                           text9         00000
__S0                               (abs)         20000
__S1                               (abs)         000F9
__S2                               (abs)         00000
___awdiv                           text4         0176C
___awdiv@counter                   cstackCOMRAM  0001C
___awdiv@dividend                  cstackCOMRAM  00018
___awdiv@divisor                   cstackCOMRAM  0001A
___awdiv@quotient                  cstackCOMRAM  0001E
___awdiv@sign                      cstackCOMRAM  0001D
___awmod                           text3         017F0
___awmod@counter                   cstackCOMRAM  00016
___awmod@dividend                  cstackCOMRAM  00012
___awmod@divisor                   cstackCOMRAM  00014
___awmod@sign                      cstackCOMRAM  00017
___awtoft                          text9         01966
___awtoft@c                        cstackCOMRAM  0001A
___awtoft@sign                     cstackCOMRAM  0001D
___ftdiv                           text8         01362
___ftdiv@cntr                      cstackCOMRAM  00027
___ftdiv@exp                       cstackCOMRAM  0002B
___ftdiv@f1                        cstackCOMRAM  0001E
___ftdiv@f2                        cstackCOMRAM  00021
___ftdiv@f3                        cstackCOMRAM  00028
___ftdiv@sign                      cstackCOMRAM  0002C
___ftmul                           text7         0126E
___ftmul@cntr                      cstackCOMRAM  0003A
___ftmul@exp                       cstackCOMRAM  00036
___ftmul@f1                        cstackCOMRAM  0002D
___ftmul@f2                        cstackCOMRAM  00030
___ftmul@f3_as_product             cstackCOMRAM  00037
___ftmul@sign                      cstackCOMRAM  0003B
___ftpack                          text10        01500
___ftpack@arg                      cstackCOMRAM  00012
___ftpack@exp                      cstackCOMRAM  00015
___ftpack@sign                     cstackCOMRAM  00016
___fttol                           text6         0112A
___fttol@exp1                      cstackBANK0   000D4
___fttol@f1                        cstackBANK0   000C6
___fttol@lval                      cstackBANK0   000D0
___fttol@sign1                     cstackBANK0   000CF
___inthi_sp                        stack         00000
___intlo_sp                        stack         00000
___param_bank                      (abs)         00010
___rparam_used                     (abs)         00001
___sp                              stack         00000
__accesstop                        (abs)         00060
__activetblptr                     (abs)         00003
__end_of_DELAY                     smallconst    00F2C
__end_of_UARTReceive               text18        01AC8
__end_of___awdiv                   text4         017F0
__end_of___awmod                   text3         01860
__end_of___awtoft                  text9         0199E
__end_of___ftdiv                   text8         01448
__end_of___ftmul                   text7         01362
__end_of___ftpack                  text10        015AE
__end_of___fttol                   text6         0126E
__end_of__initialization           cinit         0190C
__end_of_ambient_ascii             smallconst    00F23
__end_of_calculateTemp             text5         01500
__end_of_clearUARTReceiveBuffer    text17        019D6
__end_of_delay_ms                  text14        01A40
__end_of_fillInTemp                text2         0112A
__end_of_getVerCommand             smallconst    00F1E
__end_of_high_ISR                  intcode       00086
__end_of_initADC                   text16        01A6E
__end_of_initInterrupts            text15        01AD0
__end_of_initLoRa                  text12        018C2
__end_of_initUART1                 text11        01A8A
__end_of_join_network              smallconst    00FB2
__end_of_main                      text0         0176C
__end_of_makeTempMessage           text1         01966
__end_of_pipe_ascii                smallconst    00F28
__end_of_sendUARTMessage           text13        01AB8
__end_of_set_app_eui               smallconst    00F80
__end_of_set_app_key               smallconst    00F5E
__end_of_set_data_rate             smallconst    00F10
__end_of_set_dev_eui               smallconst    00FA2
__end_of_temperature_interrupt     text22        0164E
__end_of_uart_interrupt            text20        016E8
__end_ofi2_clearUARTReceiveBuffer  text21        01A0E
__initialization                   cinit         018C2
__mediumconst                      mediumconst   00000
__pbssBANK0                        bssBANK0      00060
__pbssCOMRAM                       bssCOMRAM     0003D
__pcinit                           cinit         018C2
__pcstackBANK0                     cstackBANK0   000C6
__pcstackCOMRAM                    cstackCOMRAM  00001
__pdataBANK0                       dataBANK0     000E0
__pdataCOMRAM                      dataCOMRAM    0004D
__pidataBANK0                      idataBANK0    01A8A
__pidataCOMRAM                     idataCOMRAM   01AD0
__pintcode                         intcode       00008
__psmallconst                      smallconst    00F00
__ptext0                           text0         016E8
__ptext1                           text1         01916
__ptext10                          text10        01500
__ptext11                          text11        01A6E
__ptext12                          text12        01860
__ptext13                          text13        01AA4
__ptext14                          text14        01A0E
__ptext15                          text15        01AC8
__ptext16                          text16        01A40
__ptext17                          text17        0199E
__ptext18                          text18        01AB8
__ptext2                           text2         00FB4
__ptext20                          text20        0164E
__ptext21                          text21        019D6
__ptext22                          text22        015AE
__ptext3                           text3         017F0
__ptext4                           text4         0176C
__ptext5                           text5         01448
__ptext6                           text6         0112A
__ptext7                           text7         0126E
__ptext8                           text8         01362
__ptext9                           text9         01966
__ramtop                           ramtop        00F00
__size_of_UARTReceive              (abs)         00000
__size_of___awdiv                  (abs)         00000
__size_of___awmod                  (abs)         00000
__size_of___awtoft                 (abs)         00000
__size_of___ftdiv                  (abs)         00000
__size_of___ftmul                  (abs)         00000
__size_of___ftpack                 (abs)         00000
__size_of___fttol                  (abs)         00000
__size_of_calculateTemp            (abs)         00000
__size_of_clearUARTReceiveBuffer   (abs)         00000
__size_of_delay_ms                 (abs)         00000
__size_of_fillInTemp               (abs)         00000
__size_of_high_ISR                 (abs)         00000
__size_of_initADC                  (abs)         00000
__size_of_initInterrupts           (abs)         00000
__size_of_initLoRa                 (abs)         00000
__size_of_initUART1                (abs)         00000
__size_of_main                     (abs)         00000
__size_of_makeTempMessage          (abs)         00000
__size_of_sendUARTMessage          (abs)         00000
__size_of_temperature_interrupt    (abs)         00000
__size_of_uart_interrupt           (abs)         00000
__size_ofi2_clearUARTReceiveBuffer (abs)         00000
__smallconst                       smallconst    00F00
_ambient_ascii                     smallconst    00F1E
_asciiTemp                         dataBANK0     000E0
_calculateTemp                     text5         01448
_calculateTemp$1682                cstackBANK0   000DB
_clearUARTReceiveBuffer            text17        0199E
_currentChannel                    bssBANK0      000C4
_currentMessagePointer             bssCOMRAM     0003D
_delay_ms                          text14        01A0E
_fillInTemp                        text2         00FB4
_getVerCommand                     smallconst    00F10
_high_ISR                          intcode       00008
_initADC                           text16        01A40
_initInterrupts                    text15        01AC8
_initLoRa                          text12        01860
_initUART1                         text11        01A6E
_isCommandSent                     dataCOMRAM    0004D
_join_network                      smallconst    00FA2
_main                              text0         016E8
_makeTempMessage                   text1         01916
_minus_ambient                     bssCOMRAM     0003F
_minus_pipe                        bssCOMRAM     00041
_pipe_ascii                        smallconst    00F23
_plus_ambient                      bssCOMRAM     00043
_plus_pipe                         bssCOMRAM     00045
_sendUARTMessage                   text13        01AA4
_set_app_eui                       smallconst    00F5E
_set_app_key                       smallconst    00F2C
_set_data_rate                     smallconst    00F01
_set_dev_eui                       smallconst    00F80
_temp_ambient                      bssCOMRAM     00047
_temp_display_message              dataBANK0     000E5
_temp_pipe                         bssCOMRAM     00049
_temperature_interrupt             text22        015AE
_uart_interrupt                    text20        0164E
_uart_receive_buffer               bssBANK0      00060
_uart_receive_buffer_index         bssCOMRAM     0004B
btemp                              temp          0004E
calculateTemp@minus                cstackBANK0   000D7
calculateTemp@plus                 cstackBANK0   000D5
calculateTemp@temp                 cstackBANK0   000DE
clearUARTReceiveBuffer@i           cstackCOMRAM  00012
delay_ms@i                         cstackCOMRAM  00015
delay_ms@ms                        cstackCOMRAM  00012
end_of_initialization              cinit         0190C
fillInTemp@i                       cstackCOMRAM  00025
fillInTemp@i_1120                  cstackCOMRAM  00027
fillInTemp@i_1121                  cstackCOMRAM  00029
fillInTemp@pipe_or_ambience        cstackCOMRAM  00024
fillInTemp@temp                    cstackCOMRAM  0002A
i2_clearUARTReceiveBuffer          text21        019D6
i2clearUARTReceiveBuffer@i         cstackCOMRAM  00001
int$flags                          temp          0004E
intlevel0                          text          00000
intlevel1                          text          00000
intlevel2                          text          00000
intlevel3                          text          00000
makeTempMessage@pipe_or_ambient    cstackCOMRAM  0003C
sendUARTMessage@newMessagePointer  cstackCOMRAM  00012
stackhi                            (abs)         00EAF
stacklo                            (abs)         000F9
start                              init          00086
start_initialization               cinit         018C2


FUNCTION INFORMATION:

 *************** function _main *****************
 Defined at:
		line 36 in file "main.c"
 Parameters:    Size  Location     Type
		None
 Auto vars:     Size  Location     Type
		None
 Return value:  Size  Location     Type
                  1    wreg      void 
 Registers used:
		wreg, fsr1l, fsr1h, fsr2l, fsr2h, status,2, status,0, tblptrl, tblptrh, tblptru, prodl, prodh, cstack
 Tracked objects:
		On entry : 
		On exit  : 
		Unchanged: 
 Data sizes:     COMRAM   BANK0   BANK1   BANK2   BANK3   BANK4   BANK5   BANK6   BANK7   BANK8   BANK9  BANK10  BANK11  BANK12  BANK13  BANK14
      Params:         0       0       0       0       0       0       0       0       0       0       0       0       0       0       0       0
      Locals:         0       0       0       0       0       0       0       0       0       0       0       0       0       0       0       0
      Temps:          0       0       0       0       0       0       0       0       0       0       0       0       0       0       0       0
      Totals:         0       0       0       0       0       0       0       0       0       0       0       0       0       0       0       0
Total ram usage:        0 bytes
 Hardware stack levels required when called:    7
 This function calls:
		_UARTReceive
		_clearUARTReceiveBuffer
		_delay_ms
		_initADC
		_initInterrupts
		_initLoRa
		_initUART1
		_makeTempMessage
		_sendUARTMessage
 This function is called by:
		Startup code after reset
 This function uses a non-reentrant model


 *************** function _makeTempMessage *****************
 Defined at:
		line 92 in file "temperature.c"
 Parameters:    Size  Location     Type
  pipe_or_ambi    1    wreg     unsigned char 
 Auto vars:     Size  Location     Type
  pipe_or_ambi    1   59[COMRAM] unsigned char 
 Return value:  Size  Location     Type
                  1    wreg      void 
 Registers used:
		wreg, fsr1l, fsr1h, fsr2l, fsr2h, status,2, status,0, tblptrl, tblptrh, tblptru, prodl, prodh, cstack
 Tracked objects:
		On entry : 
		On exit  : 
		Unchanged: 
 Data sizes:     COMRAM   BANK0   BANK1   BANK2   BANK3   BANK4   BANK5   BANK6   BANK7   BANK8   BANK9  BANK10  BANK11  BANK12  BANK13  BANK14
      Params:         0       0       0       0       0       0       0       0       0       0       0       0       0       0       0       0
      Locals:         1       0       0       0       0       0       0       0       0       0       0       0       0       0       0       0
      Temps:          0       0       0       0       0       0       0       0       0       0       0       0       0       0       0       0
      Totals:         1       0       0       0       0       0       0       0       0       0       0       0       0       0       0       0
Total ram usage:        1 bytes
 Hardware stack levels used:    1
 Hardware stack levels required when called:    6
 This function calls:
		_calculateTemp
		_fillInTemp
 This function is called by:
		_main
 This function uses a non-reentrant model


 *************** function _fillInTemp *****************
 Defined at:
		line 50 in file "temperature.c"
 Parameters:    Size  Location     Type
  pipe_or_ambi    1    wreg     unsigned char 
 Auto vars:     Size  Location     Type
  pipe_or_ambi    1   35[COMRAM] unsigned char 
  i               2   38[COMRAM] int 
  i               2   36[COMRAM] int 
  i               1   40[COMRAM] unsigned char 
  temp            2   41[COMRAM] int 
 Return value:  Size  Location     Type
                  1    wreg      void 
 Registers used:
		wreg, fsr1l, fsr1h, fsr2l, fsr2h, status,2, status,0, tblptrl, tblptrh, tblptru, prodl, prodh, cstack
 Tracked objects:
		On entry : 
		On exit  : 
		Unchanged: 
 Data sizes:     COMRAM   BANK0   BANK1   BANK2   BANK3   BANK4   BANK5   BANK6   BANK7   BANK8   BANK9  BANK10  BANK11  BANK12  BANK13  BANK14
      Params:         0       0       0       0       0       0       0       0       0       0       0       0       0       0       0       0
      Locals:         8       0       0       0       0       0       0       0       0       0       0       0       0       0       0       0
      Temps:          4       0       0       0       0       0       0       0       0       0       0       0       0       0       0       0
      Totals:        12       0       0       0       0       0       0       0       0       0       0       0       0       0       0       0
Total ram usage:       12 bytes
 Hardware stack levels used:    1
 Hardware stack levels required when called:    4
 This function calls:
		___awdiv
		___awmod
 This function is called by:
		_makeTempMessage
 This function uses a non-reentrant model


 *************** function ___awmod *****************
 Defined at:
		line 8 in file "C:\Program Files (x86)\Microchip\xc8\v1.36\sources\common\awmod.c"
 Parameters:    Size  Location     Type
  dividend        2   17[COMRAM] int 
  divisor         2   19[COMRAM] int 
 Auto vars:     Size  Location     Type
  sign            1   22[COMRAM] unsigned char 
  counter         1   21[COMRAM] unsigned char 
 Return value:  Size  Location     Type
                  2   17[COMRAM] int 
 Registers used:
		wreg, status,2, status,0
 Tracked objects:
		On entry : 
		On exit  : 
		Unchanged: 
 Data sizes:     COMRAM   BANK0   BANK1   BANK2   BANK3   BANK4   BANK5   BANK6   BANK7   BANK8   BANK9  BANK10  BANK11  BANK12  BANK13  BANK14
      Params:         4       0       0       0       0       0       0       0       0       0       0       0       0       0       0       0
      Locals:         2       0       0       0       0       0       0       0       0       0       0       0       0       0       0       0
      Temps:          0       0       0       0       0       0       0       0       0       0       0       0       0       0       0       0
      Totals:         6       0       0       0       0       0       0       0       0       0       0       0       0       0       0       0
Total ram usage:        6 bytes
 Hardware stack levels used:    1
 Hardware stack levels required when called:    3
 This function calls:
		Nothing
 This function is called by:
		_fillInTemp
 This function uses a non-reentrant model


 *************** function ___awdiv *****************
 Defined at:
		line 8 in file "C:\Program Files (x86)\Microchip\xc8\v1.36\sources\common\awdiv.c"
 Parameters:    Size  Location     Type
  dividend        2   23[COMRAM] int 
  divisor         2   25[COMRAM] int 
 Auto vars:     Size  Location     Type
  quotient        2   29[COMRAM] int 
  sign            1   28[COMRAM] unsigned char 
  counter         1   27[COMRAM] unsigned char 
 Return value:  Size  Location     Type
                  2   23[COMRAM] int 
 Registers used:
		wreg, status,2, status,0
 Tracked objects:
		On entry : 
		On exit  : 
		Unchanged: 
 Data sizes:     COMRAM   BANK0   BANK1   BANK2   BANK3   BANK4   BANK5   BANK6   BANK7   BANK8   BANK9  BANK10  BANK11  BANK12  BANK13  BANK14
      Params:         4       0       0       0       0       0       0       0       0       0       0       0       0       0       0       0
      Locals:         4       0       0       0       0       0       0       0       0       0       0       0       0       0       0       0
      Temps:          0       0       0       0       0       0       0       0       0       0       0       0       0       0       0       0
      Totals:         8       0       0       0       0       0       0       0       0       0       0       0       0       0       0       0
Total ram usage:        8 bytes
 Hardware stack levels used:    1
 Hardware stack levels required when called:    3
 This function calls:
		Nothing
 This function is called by:
		_fillInTemp
 This function uses a non-reentrant model


 *************** function _calculateTemp *****************
 Defined at:
		line 84 in file "temperature.c"
 Parameters:    Size  Location     Type
  plus            2   15[BANK0 ] int 
  minus           2   17[BANK0 ] int 
 Auto vars:     Size  Location     Type
  temp            2   24[BANK0 ] int 
 Return value:  Size  Location     Type
                  2   15[BANK0 ] int 
 Registers used:
		wreg, status,2, status,0, cstack
 Tracked objects:
		On entry : 
		On exit  : 
		Unchanged: 
 Data sizes:     COMRAM   BANK0   BANK1   BANK2   BANK3   BANK4   BANK5   BANK6   BANK7   BANK8   BANK9  BANK10  BANK11  BANK12  BANK13  BANK14
      Params:         0       4       0       0       0       0       0       0       0       0       0       0       0       0       0       0
      Locals:         0       5       0       0       0       0       0       0       0       0       0       0       0       0       0       0
      Temps:          0       2       0       0       0       0       0       0       0       0       0       0       0       0       0       0
      Totals:         0      11       0       0       0       0       0       0       0       0       0       0       0       0       0       0
Total ram usage:       11 bytes
 Hardware stack levels used:    1
 Hardware stack levels required when called:    5
 This function calls:
		___awtoft
		___ftdiv
		___ftmul
		___fttol
 This function is called by:
		_makeTempMessage
 This function uses a non-reentrant model


 *************** function ___fttol *****************
 Defined at:
		line 44 in file "C:\Program Files (x86)\Microchip\xc8\v1.36\sources\common\fttol.c"
 Parameters:    Size  Location     Type
  f1              3    0[BANK0 ] float 
 Auto vars:     Size  Location     Type
  lval            4   10[BANK0 ] unsigned long 
  exp1            1   14[BANK0 ] unsigned char 
  sign1           1    9[BANK0 ] unsigned char 
 Return value:  Size  Location     Type
                  4    0[BANK0 ] long 
 Registers used:
		wreg, status,2, status,0
 Tracked objects:
		On entry : 
		On exit  : 
		Unchanged: 
 Data sizes:     COMRAM   BANK0   BANK1   BANK2   BANK3   BANK4   BANK5   BANK6   BANK7   BANK8   BANK9  BANK10  BANK11  BANK12  BANK13  BANK14
      Params:         0       4       0       0       0       0       0       0       0       0       0       0       0       0       0       0
      Locals:         0       6       0       0       0       0       0       0       0       0       0       0       0       0       0       0
      Temps:          0       5       0       0       0       0       0       0       0       0       0       0       0       0       0       0
      Totals:         0      15       0       0       0       0       0       0       0       0       0       0       0       0       0       0
Total ram usage:       15 bytes
 Hardware stack levels used:    1
 Hardware stack levels required when called:    3
 This function calls:
		Nothing
 This function is called by:
		_calculateTemp
 This function uses a non-reentrant model


 *************** function ___ftmul *****************
 Defined at:
		line 62 in file "C:\Program Files (x86)\Microchip\xc8\v1.36\sources\common\ftmul.c"
 Parameters:    Size  Location     Type
  f1              3   44[COMRAM] float 
  f2              3   47[COMRAM] float 
 Auto vars:     Size  Location     Type
  f3_as_produc    3   54[COMRAM] unsigned um
  sign            1   58[COMRAM] unsigned char 
  cntr            1   57[COMRAM] unsigned char 
  exp             1   53[COMRAM] unsigned char 
 Return value:  Size  Location     Type
                  3   44[COMRAM] float 
 Registers used:
		wreg, status,2, status,0, cstack
 Tracked objects:
		On entry : 
		On exit  : 
		Unchanged: 
 Data sizes:     COMRAM   BANK0   BANK1   BANK2   BANK3   BANK4   BANK5   BANK6   BANK7   BANK8   BANK9  BANK10  BANK11  BANK12  BANK13  BANK14
      Params:         6       0       0       0       0       0       0       0       0       0       0       0       0       0       0       0
      Locals:         6       0       0       0       0       0       0       0       0       0       0       0       0       0       0       0
      Temps:          3       0       0       0       0       0       0       0       0       0       0       0       0       0       0       0
      Totals:        15       0       0       0       0       0       0       0       0       0       0       0       0       0       0       0
Total ram usage:       15 bytes
 Hardware stack levels used:    1
 Hardware stack levels required when called:    4
 This function calls:
		___ftpack
 This function is called by:
		_calculateTemp
 This function uses a non-reentrant model


 *************** function ___ftdiv *****************
 Defined at:
		line 54 in file "C:\Program Files (x86)\Microchip\xc8\v1.36\sources\common\ftdiv.c"
 Parameters:    Size  Location     Type
  f1              3   29[COMRAM] float 
  f2              3   32[COMRAM] float 
 Auto vars:     Size  Location     Type
  f3              3   39[COMRAM] float 
  sign            1   43[COMRAM] unsigned char 
  exp             1   42[COMRAM] unsigned char 
  cntr            1   38[COMRAM] unsigned char 
 Return value:  Size  Location     Type
                  3   29[COMRAM] float 
 Registers used:
		wreg, status,2, status,0, cstack
 Tracked objects:
		On entry : 
		On exit  : 
		Unchanged: 
 Data sizes:     COMRAM   BANK0   BANK1   BANK2   BANK3   BANK4   BANK5   BANK6   BANK7   BANK8   BANK9  BANK10  BANK11  BANK12  BANK13  BANK14
      Params:         6       0       0       0       0       0       0       0       0       0       0       0       0       0       0       0
      Locals:         6       0       0       0       0       0       0       0       0       0       0       0       0       0       0       0
      Temps:          3       0       0       0       0       0       0       0       0       0       0       0       0       0       0       0
      Totals:        15       0       0       0       0       0       0       0       0       0       0       0       0       0       0       0
Total ram usage:       15 bytes
 Hardware stack levels used:    1
 Hardware stack levels required when called:    4
 This function calls:
		___ftpack
 This function is called by:
		_calculateTemp
 This function uses a non-reentrant model


 *************** function ___awtoft *****************
 Defined at:
		line 32 in file "C:\Program Files (x86)\Microchip\xc8\v1.36\sources\common\awtoft.c"
 Parameters:    Size  Location     Type
  c               2   25[COMRAM] int 
 Auto vars:     Size  Location     Type
  sign            1   28[COMRAM] unsigned char 
 Return value:  Size  Location     Type
                  3   25[COMRAM] float 
 Registers used:
		wreg, status,2, status,0, cstack
 Tracked objects:
		On entry : 
		On exit  : 
		Unchanged: 
 Data sizes:     COMRAM   BANK0   BANK1   BANK2   BANK3   BANK4   BANK5   BANK6   BANK7   BANK8   BANK9  BANK10  BANK11  BANK12  BANK13  BANK14
      Params:         3       0       0       0       0       0       0       0       0       0       0       0       0       0       0       0
      Locals:         1       0       0       0       0       0       0       0       0       0       0       0       0       0       0       0
      Temps:          0       0       0       0       0       0       0       0       0       0       0       0       0       0       0       0
      Totals:         4       0       0       0       0       0       0       0       0       0       0       0       0       0       0       0
Total ram usage:        4 bytes
 Hardware stack levels used:    1
 Hardware stack levels required when called:    4
 This function calls:
		___ftpack
 This function is called by:
		_calculateTemp
 This function uses a non-reentrant model


 *************** function ___ftpack *****************
 Defined at:
		line 62 in file "C:\Program Files (x86)\Microchip\xc8\v1.36\sources\common\float.c"
 Parameters:    Size  Location     Type
  arg             3   17[COMRAM] unsigned um
  exp             1   20[COMRAM] unsigned char 
  sign            1   21[COMRAM] unsigned char 
 Auto vars:     Size  Location     Type
		None
 Return value:  Size  Location     Type
                  3   17[COMRAM] float 
 Registers used:
		wreg, status,2, status,0
 Tracked objects:
		On entry : 
		On exit  : 
		Unchanged: 
 Data sizes:     COMRAM   BANK0   BANK1   BANK2   BANK3   BANK4   BANK5   BANK6   BANK7   BANK8   BANK9  BANK10  BANK11  BANK12  BANK13  BANK14
      Params:         5       0       0       0       0       0       0       0       0       0       0       0       0       0       0       0
      Locals:         0       0       0       0       0       0       0       0       0       0       0       0       0       0       0       0
      Temps:          3       0       0       0       0       0       0       0       0       0       0       0       0       0       0       0
      Totals:         8       0       0       0       0       0       0       0       0       0       0       0       0       0       0       0
Total ram usage:        8 bytes
 Hardware stack levels used:    1
 Hardware stack levels required when called:    3
 This function calls:
		Nothing
 This function is called by:
		___awtoft
		___ftdiv
		___ftmul
 This function uses a non-reentrant model


 *************** function _initUART1 *****************
 Defined at:
		line 19 in file "uart.c"
 Parameters:    Size  Location     Type
		None
 Auto vars:     Size  Location     Type
		None
 Return value:  Size  Location     Type
                  1    wreg      void 
 Registers used:
		wreg, status,2
 Tracked objects:
		On entry : 
		On exit  : 
		Unchanged: 
 Data sizes:     COMRAM   BANK0   BANK1   BANK2   BANK3   BANK4   BANK5   BANK6   BANK7   BANK8   BANK9  BANK10  BANK11  BANK12  BANK13  BANK14
      Params:         0       0       0       0       0       0       0       0       0       0       0       0       0       0       0       0
      Locals:         0       0       0       0       0       0       0       0       0       0       0       0       0       0       0       0
      Temps:          0       0       0       0       0       0       0       0       0       0       0       0       0       0       0       0
      Totals:         0       0       0       0       0       0       0       0       0       0       0       0       0       0       0       0
Total ram usage:        0 bytes
 Hardware stack levels used:    1
 Hardware stack levels required when called:    3
 This function calls:
		Nothing
 This function is called by:
		_main
 This function uses a non-reentrant model


 *************** function _initLoRa *****************
 Defined at:
		line 21 in file "lora.c"
 Parameters:    Size  Location     Type
		None
 Auto vars:     Size  Location     Type
		None
 Return value:  Size  Location     Type
                  1    wreg      void 
 Registers used:
		wreg, status,2, status,0, cstack
 Tracked objects:
		On entry : 
		On exit  : 
		Unchanged: 
 Data sizes:     COMRAM   BANK0   BANK1   BANK2   BANK3   BANK4   BANK5   BANK6   BANK7   BANK8   BANK9  BANK10  BANK11  BANK12  BANK13  BANK14
      Params:         0       0       0       0       0       0       0       0       0       0       0       0       0       0       0       0
      Locals:         0       0       0       0       0       0       0       0       0       0       0       0       0       0       0       0
      Temps:          0       0       0       0       0       0       0       0       0       0       0       0       0       0       0       0
      Totals:         0       0       0       0       0       0       0       0       0       0       0       0       0       0       0       0
Total ram usage:        0 bytes
 Hardware stack levels used:    1
 Hardware stack levels required when called:    4
 This function calls:
		_delay_ms
		_sendUARTMessage
 This function is called by:
		_main
 This function uses a non-reentrant model


 *************** function _sendUARTMessage *****************
 Defined at:
		line 59 in file "uart.c"
 Parameters:    Size  Location     Type
  newMessagePo    2   17[COMRAM] PTR unsigned char 
		 -> join_network(16), set_app_key(50), set_app_eui(34), set_dev_eui(34), 
		 -> temp_display_message(20), 
 Auto vars:     Size  Location     Type
		None
 Return value:  Size  Location     Type
                  1    wreg      void 
 Registers used:
		wreg, status,2, status,0
 Tracked objects:
		On entry : 
		On exit  : 
		Unchanged: 
 Data sizes:     COMRAM   BANK0   BANK1   BANK2   BANK3   BANK4   BANK5   BANK6   BANK7   BANK8   BANK9  BANK10  BANK11  BANK12  BANK13  BANK14
      Params:         2       0       0       0       0       0       0       0       0       0       0       0       0       0       0       0
      Locals:         0       0       0       0       0       0       0       0       0       0       0       0       0       0       0       0
      Temps:          0       0       0       0       0       0       0       0       0       0       0       0       0       0       0       0
      Totals:         2       0       0       0       0       0       0       0       0       0       0       0       0       0       0       0
Total ram usage:        2 bytes
 Hardware stack levels used:    1
 Hardware stack levels required when called:    3
 This function calls:
		Nothing
 This function is called by:
		_main
		_initLoRa
 This function uses a non-reentrant model


 *************** function _delay_ms *****************
 Defined at:
		line 11 in file "delay.c"
 Parameters:    Size  Location     Type
  ms              2   17[COMRAM] int 
 Auto vars:     Size  Location     Type
  i               2   20[COMRAM] int 
 Return value:  Size  Location     Type
                  1    wreg      void 
 Registers used:
		wreg, status,2, status,0
 Tracked objects:
		On entry : 
		On exit  : 
		Unchanged: 
 Data sizes:     COMRAM   BANK0   BANK1   BANK2   BANK3   BANK4   BANK5   BANK6   BANK7   BANK8   BANK9  BANK10  BANK11  BANK12  BANK13  BANK14
      Params:         2       0       0       0       0       0       0       0       0       0       0       0       0       0       0       0
      Locals:         2       0       0       0       0       0       0       0       0       0       0       0       0       0       0       0
      Temps:          1       0       0       0       0       0       0       0       0       0       0       0       0       0       0       0
      Totals:         5       0       0       0       0       0       0       0       0       0       0       0       0       0       0       0
Total ram usage:        5 bytes
 Hardware stack levels used:    1
 Hardware stack levels required when called:    3
 This function calls:
		Nothing
 This function is called by:
		_main
		_initLoRa
 This function uses a non-reentrant model


 *************** function _initInterrupts *****************
 Defined at:
		line 31 in file "main.c"
 Parameters:    Size  Location     Type
		None
 Auto vars:     Size  Location     Type
		None
 Return value:  Size  Location     Type
                  1    wreg      void 
 Registers used:
		wreg, status,2
 Tracked objects:
		On entry : 
		On exit  : 
		Unchanged: 
 Data sizes:     COMRAM   BANK0   BANK1   BANK2   BANK3   BANK4   BANK5   BANK6   BANK7   BANK8   BANK9  BANK10  BANK11  BANK12  BANK13  BANK14
      Params:         0       0       0       0       0       0       0       0       0       0       0       0       0       0       0       0
      Locals:         0       0       0       0       0       0       0       0       0       0       0       0       0       0       0       0
      Temps:          0       0       0       0       0       0       0       0       0       0       0       0       0       0       0       0
      Totals:         0       0       0       0       0       0       0       0       0       0       0       0       0       0       0       0
Total ram usage:        0 bytes
 Hardware stack levels used:    1
 Hardware stack levels required when called:    3
 This function calls:
		Nothing
 This function is called by:
		_main
 This function uses a non-reentrant model


 *************** function _initADC *****************
 Defined at:
		line 24 in file "temperature.c"
 Parameters:    Size  Location     Type
		None
 Auto vars:     Size  Location     Type
		None
 Return value:  Size  Location     Type
                  1    wreg      void 
 Registers used:
		wreg, status,2
 Tracked objects:
		On entry : 
		On exit  : 
		Unchanged: 
 Data sizes:     COMRAM   BANK0   BANK1   BANK2   BANK3   BANK4   BANK5   BANK6   BANK7   BANK8   BANK9  BANK10  BANK11  BANK12  BANK13  BANK14
      Params:         0       0       0       0       0       0       0       0       0       0       0       0       0       0       0       0
      Locals:         0       0       0       0       0       0       0       0       0       0       0       0       0       0       0       0
      Temps:          0       0       0       0       0       0       0       0       0       0       0       0       0       0       0       0
      Totals:         0       0       0       0       0       0       0       0       0       0       0       0       0       0       0       0
Total ram usage:        0 bytes
 Hardware stack levels used:    1
 Hardware stack levels required when called:    3
 This function calls:
		Nothing
 This function is called by:
		_main
 This function uses a non-reentrant model


 *************** function _clearUARTReceiveBuffer *****************
 Defined at:
		line 73 in file "uart.c"
 Parameters:    Size  Location     Type
		None
 Auto vars:     Size  Location     Type
  i               2   17[COMRAM] int 
 Return value:  Size  Location     Type
                  1    wreg      void 
 Registers used:
		wreg, fsr2l, fsr2h, status,2, status,0
 Tracked objects:
		On entry : 
		On exit  : 
		Unchanged: 
 Data sizes:     COMRAM   BANK0   BANK1   BANK2   BANK3   BANK4   BANK5   BANK6   BANK7   BANK8   BANK9  BANK10  BANK11  BANK12  BANK13  BANK14
      Params:         0       0       0       0       0       0       0       0       0       0       0       0       0       0       0       0
      Locals:         2       0       0       0       0       0       0       0       0       0       0       0       0       0       0       0
      Temps:          0       0       0       0       0       0       0       0       0       0       0       0       0       0       0       0
      Totals:         2       0       0       0       0       0       0       0       0       0       0       0       0       0       0       0
Total ram usage:        2 bytes
 Hardware stack levels used:    1
 Hardware stack levels required when called:    3
 This function calls:
		Nothing
 This function is called by:
		_main
 This function uses a non-reentrant model


 *************** function _UARTReceive *****************
 Defined at:
		line 51 in file "uart.c"
 Parameters:    Size  Location     Type
  on_or_off       1    wreg     unsigned char 
 Auto vars:     Size  Location     Type
  on_or_off       1   17[COMRAM] unsigned char 
 Return value:  Size  Location     Type
                  1    wreg      void 
 Registers used:
		wreg, status,2, status,0
 Tracked objects:
		On entry : 
		On exit  : 
		Unchanged: 
 Data sizes:     COMRAM   BANK0   BANK1   BANK2   BANK3   BANK4   BANK5   BANK6   BANK7   BANK8   BANK9  BANK10  BANK11  BANK12  BANK13  BANK14
      Params:         0       0       0       0       0       0       0       0       0       0       0       0       0       0       0       0
      Locals:         1       0       0       0       0       0       0       0       0       0       0       0       0       0       0       0
      Temps:          0       0       0       0       0       0       0       0       0       0       0       0       0       0       0       0
      Totals:         1       0       0       0       0       0       0       0       0       0       0       0       0       0       0       0
Total ram usage:        1 bytes
 Hardware stack levels used:    1
 Hardware stack levels required when called:    3
 This function calls:
		Nothing
 This function is called by:
		_main
 This function uses a non-reentrant model


 *************** function _high_ISR *****************
 Defined at:
		line 66 in file "main.c"
 Parameters:    Size  Location     Type
		None
 Auto vars:     Size  Location     Type
		None
 Return value:  Size  Location     Type
                  1    wreg      void 
 Registers used:
		wreg, fsr1l, fsr1h, fsr2l, fsr2h, status,2, status,0, tblptrl, tblptrh, tblptru, cstack
 Tracked objects:
		On entry : 
		On exit  : 
		Unchanged: 
 Data sizes:     COMRAM   BANK0   BANK1   BANK2   BANK3   BANK4   BANK5   BANK6   BANK7   BANK8   BANK9  BANK10  BANK11  BANK12  BANK13  BANK14
      Params:         0       0       0       0       0       0       0       0       0       0       0       0       0       0       0       0
      Locals:         0       0       0       0       0       0       0       0       0       0       0       0       0       0       0       0
      Temps:         14       0       0       0       0       0       0       0       0       0       0       0       0       0       0       0
      Totals:        14       0       0       0       0       0       0       0       0       0       0       0       0       0       0       0
Total ram usage:       14 bytes
 Hardware stack levels used:    1
 Hardware stack levels required when called:    2
 This function calls:
		_temperature_interrupt
		_uart_interrupt
 This function is called by:
		Interrupt level 2
 This function uses a non-reentrant model


 *************** function _uart_interrupt *****************
 Defined at:
		line 80 in file "uart.c"
 Parameters:    Size  Location     Type
		None
 Auto vars:     Size  Location     Type
		None
 Return value:  Size  Location     Type
                  1    wreg      void 
 Registers used:
		wreg, fsr1l, fsr1h, fsr2l, fsr2h, status,2, status,0, tblptrl, tblptrh, tblptru, cstack
 Tracked objects:
		On entry : 
		On exit  : 
		Unchanged: 
 Data sizes:     COMRAM   BANK0   BANK1   BANK2   BANK3   BANK4   BANK5   BANK6   BANK7   BANK8   BANK9  BANK10  BANK11  BANK12  BANK13  BANK14
      Params:         0       0       0       0       0       0       0       0       0       0       0       0       0       0       0       0
      Locals:         0       0       0       0       0       0       0       0       0       0       0       0       0       0       0       0
      Temps:          1       0       0       0       0       0       0       0       0       0       0       0       0       0       0       0
      Totals:         1       0       0       0       0       0       0       0       0       0       0       0       0       0       0       0
Total ram usage:        1 bytes
 Hardware stack levels used:    1
 Hardware stack levels required when called:    1
 This function calls:
		i2_clearUARTReceiveBuffer
 This function is called by:
		_high_ISR
 This function uses a non-reentrant model


 *************** function i2_clearUARTReceiveBuffer *****************
 Defined at:
		line 73 in file "uart.c"
 Parameters:    Size  Location     Type
		None
 Auto vars:     Size  Location     Type
  clearUARTRec    2    0[COMRAM] int 
 Return value:  Size  Location     Type
                  1    wreg      void 
 Registers used:
		wreg, fsr2l, fsr2h, status,2, status,0
 Tracked objects:
		On entry : 
		On exit  : 
		Unchanged: 
 Data sizes:     COMRAM   BANK0   BANK1   BANK2   BANK3   BANK4   BANK5   BANK6   BANK7   BANK8   BANK9  BANK10  BANK11  BANK12  BANK13  BANK14
      Params:         0       0       0       0       0       0       0       0       0       0       0       0       0       0       0       0
      Locals:         2       0       0       0       0       0       0       0       0       0       0       0       0       0       0       0
      Temps:          0       0       0       0       0       0       0       0       0       0       0       0       0       0       0       0
      Totals:         2       0       0       0       0       0       0       0       0       0       0       0       0       0       0       0
Total ram usage:        2 bytes
 Hardware stack levels used:    1
 This function calls:
		Nothing
 This function is called by:
		_uart_interrupt
 This function uses a non-reentrant model


 *************** function _temperature_interrupt *****************
 Defined at:
		line 103 in file "temperature.c"
 Parameters:    Size  Location     Type
		None
 Auto vars:     Size  Location     Type
		None
 Return value:  Size  Location     Type
                  1    wreg      void 
 Registers used:
		wreg, status,2, status,0
 Tracked objects:
		On entry : 
		On exit  : 
		Unchanged: 
 Data sizes:     COMRAM   BANK0   BANK1   BANK2   BANK3   BANK4   BANK5   BANK6   BANK7   BANK8   BANK9  BANK10  BANK11  BANK12  BANK13  BANK14
      Params:         0       0       0       0       0       0       0       0       0       0       0       0       0       0       0       0
      Locals:         0       0       0       0       0       0       0       0       0       0       0       0       0       0       0       0
      Temps:          2       0       0       0       0       0       0       0       0       0       0       0       0       0       0       0
      Totals:         2       0       0       0       0       0       0       0       0       0       0       0       0       0       0       0
Total ram usage:        2 bytes
 Hardware stack levels used:    1
 This function calls:
		Nothing
 This function is called by:
		_high_ISR
 This function uses a non-reentrant model



MODULE INFORMATION

Module		Function		Class		Link	Load	Size
C:\Program Files (x86)\Microchip\xc8\v1.36\sources\common\awtoft.c
		___awtoft      		CODE           	1966	0000	57

C:\Program Files (x86)\Microchip\xc8\v1.36\sources\common\awtoft.c estimated size: 57

delay.c
		_delay_ms      		CODE           	1A0E	0000	51

delay.c estimated size: 51

C:\Program Files (x86)\Microchip\xc8\v1.36\sources\common\fttol.c
		___fttol       		CODE           	112A	0000	325

C:\Program Files (x86)\Microchip\xc8\v1.36\sources\common\fttol.c estimated size: 325

uart.c
		_UARTReceive   		CODE           	1AB8	0000	17
		_initUART1     		CODE           	1A6E	0000	29
		_uart_interrupt		CODE           	164E	0000	155
		_sendUARTMessage		CODE           	1AA4	0000	21
		_clearUARTReceiveBuffer		CODE           	199E	0000	57

uart.c estimated size: 279

C:\Program Files (x86)\Microchip\xc8\v1.36\sources\common\awdiv.c
		___awdiv       		CODE           	176C	0000	133

C:\Program Files (x86)\Microchip\xc8\v1.36\sources\common\awdiv.c estimated size: 133

temperature.c
		_makeTempMessage		CODE           	1916	0000	81
		_calculateTemp 		CODE           	1448	0000	185
		_fillInTemp    		CODE           	0FB4	0000	375
		_temperature_interrupt		CODE           	15AE	0000	161
		_initADC       		CODE           	1A40	0000	47

temperature.c estimated size: 849

lora.c
		_initLoRa      		CODE           	1860	0000	99

lora.c estimated size: 99

C:\Program Files (x86)\Microchip\xc8\v1.36\sources\common\float.c
		___ftpack      		CODE           	1500	0000	175

C:\Program Files (x86)\Microchip\xc8\v1.36\sources\common\float.c estimated size: 175

shared
		_set_data_rate 		SMALLCONST     	0F01	0000	16
		_join_network  		SMALLCONST     	0FA2	0000	17
		_DELAY         		SMALLCONST     	0F28	0000	5
		__initialization		CODE           	18C2	0000	75
		_getVerCommand 		SMALLCONST     	0F10	0000	15
		_set_dev_eui   		SMALLCONST     	0F80	0000	35
		_ambient_ascii 		SMALLCONST     	0F1E	0000	6
		_pipe_ascii    		SMALLCONST     	0F23	0000	6
		_set_app_eui   		SMALLCONST     	0F5E	0000	35
		_set_app_key   		SMALLCONST     	0F2C	0000	51
		i2_clearUARTReceiveBuffer		CODE           	19D6	0000	57

shared estimated size: 318

C:\Program Files (x86)\Microchip\xc8\v1.36\sources\common\ftmul.c
		___ftmul       		CODE           	126E	0000	245

C:\Program Files (x86)\Microchip\xc8\v1.36\sources\common\ftmul.c estimated size: 245

C:\Program Files (x86)\Microchip\xc8\v1.36\sources\common\awmod.c
		___awmod       		CODE           	17F0	0000	113

C:\Program Files (x86)\Microchip\xc8\v1.36\sources\common\awmod.c estimated size: 113

C:\Program Files (x86)\Microchip\xc8\v1.36\sources\common\ftdiv.c
		___ftdiv       		CODE           	1362	0000	231

C:\Program Files (x86)\Microchip\xc8\v1.36\sources\common\ftdiv.c estimated size: 231

main.c
		_main          		CODE           	16E8	0000	133
		_high_ISR      		CODE           	0008	0000	127
		_initInterrupts		CODE           	1AC8	0000	9

main.c estimated size: 269

